// Jest Snapshot v1, https://goo.gl/fbAQLP

exports[`MovieDetails renders correctly 1`] = `
<ErrorBoundary>
  <section
    className="detail_page"
  >
    <div>
      <span
        className="goBack"
        onClick={[Function]}
      >
         â—„ Back
      </span>
      <h1 />
      <h2>
         
      </h2>
      <h2 />
      <div
        className="overview"
      >
        overview
      </div>
    </div>
    <Image
      src="poster_path"
    />
  </section>
</ErrorBoundary>
`;
